{
    "alert": true,
    "blocked": true,
    "lastSeenAt": 1520958500138,
    "name": "user2",
    "notifications": {
        "audioNotificationValue": "",
        "desktopNotifications": "",
        "emailNotifications": "",
        "mobilePushNotifications": ""
    },
    "open": true,
    "rid": "H7Q9djXQ4iShzD9T2cwgFjqGj6QXPsMpBW",
    "roomCreatorUserID": "H7Q9djXQ4iShzD9T2",
    "roomCreatorUserName": "user1",
    "t": "d",
    "unread": 2,
    "updatedAt": 1520957766942
}
