{
    "alias": "",
    "avatar": "",
    "editedAt": 0,
    "editedByUserID": "",
    "editedByUsername": "",
    "groupable": false,
    "message": "",
    "messageID": "",
    "messageType": "NormalText",
    "parseUrls": false,
    "roomID": "",
    "starred": false,
    "timestamp": 0,
    "type": "",
    "updatedAt": 0,
    "userID": "",
    "username": ""
}
