{
    "alias": "john",
    "avatar": "",
    "editedAt": 0,
    "editedByUserID": "",
    "editedByUsername": "",
    "groupable": false,
    "message": "message foo",
    "messageID": "Co6LnNbu5TYcXPuMG",
    "messageType": "NormalText",
    "parseUrls": false,
    "roomID": "hPseB3qQYPxoXqGkN",
    "starred": false,
    "timestamp": 1519115539337,
    "type": "",
    "updatedAt": 1519115539341,
    "userID": "XQv6u7Kyb4pfDhS4w",
    "username": "Doe"
}
