{
    "alias": "",
    "avatar": "",
    "editedAt": -1,
    "editedByUserID": "",
    "editedByUsername": "",
    "groupable": false,
    "message": "",
    "messageID": "",
    "messageType": "NormalText",
    "parseUrls": false,
    "pinned": false,
    "roomID": "",
    "starred": false,
    "timestamp": -1,
    "type": "",
    "updatedAt": -1,
    "userID": "",
    "username": ""
}
