{
    "alias": "",
    "avatar": "",
    "editedAt": -1,
    "editedByUserID": "",
    "editedByUsername": "",
    "groupable": false,
    "message": "",
    "messageID": "Yj3wcLPi2xfr2Gc65",
    "messageType": "NormalText",
    "name": "Rocket.Cat",
    "parseUrls": false,
    "pinned": false,
    "roomID": "EGpqR23fNnjsTHua4",
    "starred": false,
    "timestamp": 1617082008028,
    "type": "",
    "updatedAt": 1617087956309,
    "userID": "rocket.cat",
    "username": "rocket.cat"
}
