{
    "alias": "john",
    "message": "message foo",
    "messageID": "Co6LnNbu5TYcXPuMG",
    "messageType": "NormalText",
    "name": "john",
    "parseUrls": false,
    "roomID": "hPseB3qQYPxoXqGkN",
    "timestamp": 1519115539337,
    "updatedAt": 1519115539341,
    "userID": "XQv6u7Kyb4pfDhS4w",
    "username": "Doe"
}
