{
    "autoTranslateLanguage": "en",
    "fname": "ruqola",
    "lastSeenAt": 1566885101719,
    "name": "ruqola",
    "notifications": {
        "audioNotificationValue": "",
        "desktopNotifications": "",
        "emailNotifications": "",
        "mobilePushNotifications": ""
    },
    "open": true,
    "rid": "3ZvKSjzabkkLJmuAr",
    "roles": [
        "owner"
    ],
    "t": "c",
    "unread": 0,
    "updatedAt": 1566885101719
}
