{
    "fname": "foo",
    "muted": [
        "muteduser"
    ],
    "name": "foo",
    "notifications": {
        "desktopNotifications": "",
        "emailNotifications": "",
        "mobilePushNotifications": ""
    },
    "rid": "Dic5wZD4Zu9ze5gk3",
    "t": "p",
    "unread": 0,
    "updatedAt": 1521115962354
}
