{
    "name": "general",
    "notifications": {
        "audioNotificationValue": "",
        "desktopNotifications": "",
        "emailNotifications": "",
        "mobilePushNotifications": ""
    },
    "retention": {
        "enabled": false,
        "excludePinned": false,
        "filesOnly": false,
        "maxAge": -1,
        "overrideGlobal": true
    },
    "rid": "GENERAL",
    "t": "c",
    "unread": 0,
    "updatedAt": 1613401653650
}
