{
    "fname": "ruqola-team",
    "name": "ruqola-team",
    "notifications": {
        "audioNotificationValue": "",
        "desktopNotifications": "",
        "emailNotifications": "",
        "mobilePushNotifications": ""
    },
    "rid": "epGvxJC5MCxTTb9GY",
    "t": "p",
    "unread": 0,
    "updatedAt": 1618146576614
}
