{
    "favorite": true,
    "lastSeenAt": 1519924629624,
    "name": "foo",
    "notifications": {
        "desktopNotifications": "",
        "emailNotifications": "nothing",
        "mobilePushNotifications": ""
    },
    "open": true,
    "rid": "or396aM8g7vXngDZA",
    "t": "c",
    "unread": 1,
    "updatedAt": 1519924629624,
    "userMentions": 1
}
