{
    "announcement": "announcement",
    "description": "description channel",
    "name": "channeltest",
    "notifications": {
        "audioNotificationValue": "",
        "desktopNotifications": "",
        "emailNotifications": "",
        "mobilePushNotifications": ""
    },
    "rid": "bla1",
    "roomCreatorUserID": "fZmmHQh",
    "roomCreatorUserName": "goo",
    "t": "c",
    "unread": 0,
    "updatedAt": 1520426909281
}
