{
    "alias": "Laurent Montel",
    "editedAt": 1520404004731,
    "editedByUsername": "laurent",
    "message": "Voiture1 lolo",
    "messageID": "GvSPogsJ5fMqYvgQe",
    "messageType": "NormalText",
    "name": "Laurent Montel",
    "parseUrls": false,
    "roomID": "kGtPa6bu7xHrS5xz6",
    "starred": true,
    "timestamp": 1520403997425,
    "updatedAt": 1520405792473,
    "userID": "uKK39zoewTkdacidH",
    "username": "laurent"
}
