{
    "alias": "Laurent Montel",
    "editedAt": 1520507193288,
    "editedByUsername": "laurent",
    "message": "after-test-rename",
    "messageID": "FJebizEnPcELcRLvv",
    "messageType": "NormalText",
    "name": "Laurent Montel",
    "roomID": "kGtPa6bu7xHrS5xz6",
    "timestamp": 1520507169630,
    "updatedAt": 1520507193291,
    "userID": "uKK39zoewTkdacidH",
    "username": "laurent"
}
