{
    "favorite": true,
    "jitsiTimeout": 1518112532866,
    "lastSeenAt": 1520852385825,
    "name": "foo",
    "notifications": {
        "audioNotificationValue": "",
        "desktopNotifications": "",
        "emailNotifications": "",
        "mobilePushNotifications": ""
    },
    "open": true,
    "rid": "Yy4nyBHn8Q7dv",
    "roomCreatorUserID": "tHsHQECdkmH",
    "roomCreatorUserName": "newuser",
    "t": "c",
    "unread": 0,
    "updatedAt": 1520852385825
}
